BLEND 2.464634729921200303
TOTAL SUPPLY  342,834,268
TOTAL AIRDROP 809,415,611
RATIO 2.360953048805360238
RELATIVE PERCS map[1:0.511788423359599899 3:0.403445910196038301 4:0.084765666444361800]
ICF SLASH 12,590,970
+-----------------------+-------------+--------------+------------+-------------+------------+------------+-------------+
|                       |    TOTAL    | DID NOT VOTE |    YES     |     NO      | NOWITHVETO |  ABSTAIN   | NOT STAKED  |
+-----------------------+-------------+--------------+------------+-------------+------------+------------+-------------+
| Distributed $ATONE    | 809,415,611 |  158,897,406 | 63,746,761 | 213,404,392 | 47,911,135 | 86,287,988 | 239,167,930 |
| Percentage over total |             | 20%          | 8%         | 26%         | 6%         | 11%        | 30%         |
+-----------------------+-------------+--------------+------------+-------------+------------+------------+-------------+
