BLEND 2.464634729921200303
ATOM  SUPPLY 342,834,268
ATONE SUPPLY 809,415,611
RATIO 2.360953048805360238
ICF SLASH 12,590,970
+-----------------------+-------------+--------------+------------+-------------+------------+------------+-------------+
|                       |    TOTAL    | DID NOT VOTE |    YES     |     NO      | NOWITHVETO |  ABSTAIN   | NOT STAKED  |
+-----------------------+-------------+--------------+------------+-------------+------------+------------+-------------+
| Distributed $ATONE    | 809,415,611 |  158,897,406 | 63,746,761 | 213,404,392 | 47,911,135 | 86,287,988 | 239,167,930 |
| Percentage over total |             | 20%          | 8%         | 26%         | 6%         | 11%        | 30%         |
+-----------------------+-------------+--------------+------------+-------------+------------+------------+-------------+
